// Jest Snapshot v1, https://goo.gl/fbAQLP

exports[`area 1`] = `50`;

exports[`bbox 1`] = `
Array [
  0,
  0,
  10,
  10,
]
`;

exports[`bbox multi 1`] = `
Array [
  0,
  0,
  50,
  10,
]
`;
