// Jest Snapshot v1, https://goo.gl/fbAQLP

exports[`Schema url 1`] = `"https://raw.githubusercontent.com/Artsdatabanken/lastejobb/master/schema.json"`;
