// Jest Snapshot v1, https://goo.gl/fbAQLP

exports[`createUrl 1`] = `
Object {
  "AO-KS-FS": Object {
    "kode": "AO-KS-FS",
    "overordnet": Array [
      Object {
        "kode": "~",
        "tittel": Object {
          "nb": "Usynlig rot",
        },
        "url": "Rot",
      },
    ],
    "tittel": Object {
      "nb": "Fiskerisone",
    },
    "url": "Fiskerisone",
  },
  "AO-KS-FS-JM": Object {
    "kode": "AO-KS-FS-JM",
    "overordnet": Array [
      Object {
        "kode": "AO-KS-FS",
        "tittel": Object {
          "nb": "Fiskerisone",
        },
        "url": "Fiskerisone",
      },
      Object {
        "kode": "~",
        "tittel": Object {
          "nb": "Usynlig rot",
        },
        "url": "Rot",
      },
    ],
    "tittel": Object {
      "nb": "Jan Mayen",
    },
    "url": "Fiskerisone/Jan_Mayen",
  },
  "~": Object {
    "kode": "AO-KS-FS",
    "overordnet": Array [],
    "tittel": Object {
      "nb": "Rot",
    },
    "url": "Rot",
  },
}
`;
